---
source: src/main.rs
expression: output
snapshot_kind: text
---
"────────────────────────────────────────────────────────────────────────|heretek-v0.5.1|──────────────────────────────── | Heap | Stack | Code | String | Asm | "
" F1 Main | F2 Registers | F3 Stack | F4 Instructions | F5 Output | F6 Mapping | F7 Hexdump                                                                      "
"Registers──────────────────────────────────────────────────────────────────────────────────────────────────────────────────────────────────────────────────────▲"
"  rax     → 0x401825           → main+0 (push   %rbp)                                                                                                          █"
"  rbx     → 0x1                                                                                                                                                ║"
"  rcx     → <rcx_0>           → 0x04                                                                                                                          ║"
"  rdx     → <rdx_0>     → <rdx_1>     → <rdx_2>                                                                                                                ║"
"  rsi     → <rsi_0>     → <rsi_1>     → <rsi_2>                                                                                                                ║"
"  rdi     → 0x1                                                                                                                                                ║"
"  rbp     → <stack_8>     → <rbp_1>     → <rbp_2>     → 0x00                                                                                ║"
"  rsp     → <stack_0>     → <stack_6>     → <stack_6_0>        → <stack_6_1>        → <rbp_1>     → <rbp_2>     → 0x00                 ║"
"  r8      → 0x110                                                                                                                                              ║"
"  r9      → 0x4                                                                                                                                                ▼"
"Stack───────────────────────────────────────────────────────────────────────────────────────────────────────────────────────────────────────────────────────────"
"  <stack_0> → <stack_6>     → <stack_6_0>        → <stack_6_1>        → <rbp_1>     → <rbp_2>     → 0x00                                "
"  <stack_1> → 0x40f022           → malloc+418 (test   %rax,%rax)                                                                                           "
"  <stack_2> → 0x494b00           → sbb    $0x0,%al                                                                                                         "
"  <stack_3> → 0x4a40e8           → DW.ref.__gcc_personality_v0+0 (xor    %ah,0x47(%rsi))                                                                   "
"  <stack_4> → 0x00                                                                                                                                         "
"  <stack_5> → 0x4ab198           → 0x00                                                                                                                    "
"  <stack_6> → <stack_6_0>        → <stack_6_1>        → <rbp_1>     → <rbp_2>     → 0x00                                                     "
"  <stack_7> → 0x01                                                                                                                                         "
"  <stack_8> → <rbp_1>     → <rbp_2>     → 0x00                                                                                               "
"  <stack_9> → 0x401d68           → __libc_start_call_main+104 (mov    %eax,%edi)                                                                           "
"Instructions (main)─────────────────────────────────────────────────────────────────────────────────────────────────────────────────────────────────────────────"
"  0x401823         this+1e   pop    %rbp                                                                                                                        "
"  0x401824         this+1f   ret                                                                                                                                "
"  0x401825         main+00   push   %rbp                                                                                                                        "
"  0x401826         main+01   mov    %rsp,%rbp                                                                                                                   "
"  0x401829         main+04   sub    $0x40,%rsp                                                                                                                  "
">>0x40182d         main+08   movq   $0x11111111,-0x8(%rbp)                                                                                                      "
"  0x401835         main+10   movq   $0x22222222,-0x10(%rbp)                                                                                                     "
"  0x40183d         main+18   movq   $0x33333333,-0x18(%rbp)                                                                                                     "
"  0x401845         main+20   movq   $0x44444444,-0x20(%rbp)                                                                                                     "
"  0x40184d         main+28   movq   $0x55555555,-0x28(%rbp)                                                                                                     "
"Backtrace───────────────────────────────────────────────────────────────────────────────────────────────────────────────────────────────────────────────────────"
"  0040182d → main                                                                                                                                               "
"┌Output ───────────────────────────────────────────────────────────────────────────────────────────────────────────────────────────────────────────────────────┐"
"│h> -gdb-set mi-async on                                                                                                                                       │"
"│run                                                                                                                                                           │"
"│file test-assets/test_render_app/a.out                                                                                                                        │"
"│Reading symbols from test-assets/test_render_app/a.out...                                                                                                     │"
"│break main                                                                                                                                                    │"
"│Breakpoint 1 at 0x40182d: file test.c, line 11.                                                                                                               │"
"│Breakpoint 1, main () at test.c:11                                                                                                                            │"
"│warning: 11    test.c: No such file or directory                                                                                                              │"
"└──────────────────────────────────────────────────────────────────────────────────────────────────────────────────────────────────────────────────────────────┘"
"┌|Press q to exit, i to enter input|─|Status: bkptno=1, reason=breakpoint-hit, stopped-threads=all, thread-id=1|───────────────────────────────────────────────┐"
"│(gdb)                                                                                                                                                         │"
"└──────────────────────────────────────────────────────────────────────────────────────────────────────────────────────────────────────────────────────────────┘"
